// Jest Snapshot v1, https://goo.gl/fbAQLP

exports[`renders correctly 1`] = `
<div
  className="App"
>
  <h3
    className="header"
  >
    0
  </h3>
  <button
    className="btn btn-primary"
    onClick={[Function]}
  >
    +++
  </button>
</div>
`;
